// Vitest Snapshot v1, https://vitest.dev/guide/snapshot.html

exports[`galaxyFolderDraw nebula discs > a folder star paints its cluster nebula plus three blobs, zoomed in > folder-nebula-discs-zoomed 1`] = `
[
  {
    "arc": [
      400,
      300,
      96,
      0,
      6.283185,
    ],
    "gradient": [
      400,
      300,
      0,
      400,
      300,
      96,
    ],
    "stops": [
      [
        0,
        "rgba(100,150,200,0.2333333333333333)",
      ],
      [
        0.5,
        "rgba(100,150,200,0.11666666666666665)",
      ],
      [
        1,
        "rgba(100,150,200,0)",
      ],
    ],
  },
  {
    "arc": [
      428.729469,
      302.014354,
      39.739614,
      0,
      6.283185,
    ],
    "gradient": [
      428.729469,
      302.014354,
      0,
      428.729469,
      302.014354,
      39.739614,
    ],
    "stops": [
      [
        0,
        "rgba(100,150,200,0.13333333333333333)",
      ],
      [
        1,
        "rgba(100,150,200,0)",
      ],
    ],
  },
  {
    "arc": [
      383.890784,
      323.873273,
      46.486372,
      0,
      6.283185,
    ],
    "gradient": [
      383.890784,
      323.873273,
      0,
      383.890784,
      323.873273,
      46.486372,
    ],
    "stops": [
      [
        0,
        "rgba(100,150,200,0.13333333333333333)",
      ],
      [
        1,
        "rgba(100,150,200,0)",
      ],
    ],
  },
  {
    "arc": [
      387.379747,
      274.112373,
      30.33015,
      0,
      6.283185,
    ],
    "gradient": [
      387.379747,
      274.112373,
      0,
      387.379747,
      274.112373,
      30.33015,
    ],
    "stops": [
      [
        0,
        "rgba(100,150,200,0.13333333333333333)",
      ],
      [
        1,
        "rgba(100,150,200,0)",
      ],
    ],
  },
]
`;

exports[`galaxyFolderDraw nebula discs > a folder star paints the same blob ring when zoomed out > folder-nebula-discs-zoomed-out 1`] = `
[
  {
    "arc": [
      400,
      300,
      50.46602,
      0,
      6.283185,
    ],
    "gradient": [
      400,
      300,
      0,
      400,
      300,
      50.46602,
    ],
    "stops": [
      [
        0,
        "rgba(100,150,200,0.08)",
      ],
      [
        0.5,
        "rgba(100,150,200,0.04)",
      ],
      [
        1,
        "rgba(100,150,200,0)",
      ],
    ],
  },
  {
    "arc": [
      415.132993,
      300.454126,
      20.489022,
      0,
      6.283185,
    ],
    "gradient": [
      415.132993,
      300.454126,
      0,
      415.132993,
      300.454126,
      20.489022,
    ],
    "stops": [
      [
        0,
        "rgba(100,150,200,0.025)",
      ],
      [
        1,
        "rgba(100,150,200,0)",
      ],
    ],
  },
  {
    "arc": [
      392.040219,
      312.878494,
      24.64108,
      0,
      6.283185,
    ],
    "gradient": [
      392.040219,
      312.878494,
      0,
      392.040219,
      312.878494,
      24.64108,
    ],
    "stops": [
      [
        0,
        "rgba(100,150,200,0.025)",
      ],
      [
        1,
        "rgba(100,150,200,0)",
      ],
    ],
  },
  {
    "arc": [
      392.826788,
      286.66738,
      16.176197,
      0,
      6.283185,
    ],
    "gradient": [
      392.826788,
      286.66738,
      0,
      392.826788,
      286.66738,
      16.176197,
    ],
    "stops": [
      [
        0,
        "rgba(100,150,200,0.025)",
      ],
      [
        1,
        "rgba(100,150,200,0)",
      ],
    ],
  },
]
`;

exports[`galaxyFolderDraw nebula discs > drawNebula paints one background disc plus four orbiting blobs > scene-nebula-discs 1`] = `
[
  {
    "arc": [
      400,
      300,
      560,
      0,
      6.283185,
    ],
    "gradient": [
      400,
      300,
      0,
      400,
      300,
      560,
    ],
    "stops": [
      [
        0,
        "rgba(100,150,200,0.015)",
      ],
      [
        0.5,
        "rgba(100,150,200,0.007)",
      ],
      [
        1,
        "rgba(100,150,200,0)",
      ],
    ],
  },
  {
    "arc": [
      595.647306,
      311.752945,
      176.020525,
      0,
      6.283185,
    ],
    "gradient": [
      595.647306,
      311.752945,
      0,
      595.647306,
      311.752945,
      176.020525,
    ],
    "stops": [
      [
        0,
        "rgba(100,150,200,0.008)",
      ],
      [
        1,
        "rgba(100,150,200,0)",
      ],
    ],
  },
  {
    "arc": [
      388.247055,
      495.647306,
      210.675414,
      0,
      6.283185,
    ],
    "gradient": [
      388.247055,
      495.647306,
      0,
      388.247055,
      495.647306,
      210.675414,
    ],
    "stops": [
      [
        0,
        "rgba(100,150,200,0.008)",
      ],
      [
        1,
        "rgba(100,150,200,0)",
      ],
    ],
  },
  {
    "arc": [
      204.352694,
      288.247055,
      148.982491,
      0,
      6.283185,
    ],
    "gradient": [
      204.352694,
      288.247055,
      0,
      204.352694,
      288.247055,
      148.982491,
    ],
    "stops": [
      [
        0,
        "rgba(100,150,200,0.008)",
      ],
      [
        1,
        "rgba(100,150,200,0)",
      ],
    ],
  },
  {
    "arc": [
      411.752945,
      104.352694,
      130.225189,
      0,
      6.283185,
    ],
    "gradient": [
      411.752945,
      104.352694,
      0,
      411.752945,
      104.352694,
      130.225189,
    ],
    "stops": [
      [
        0,
        "rgba(100,150,200,0.008)",
      ],
      [
        1,
        "rgba(100,150,200,0)",
      ],
    ],
  },
]
`;
